01101001100101101001011001101001100101100110100101101001100101101001011001101001011010011001011001101001100101101001011001101001
